
Note: No compatibility mode selected!


Circuit: ** sch_path: /home/subhransu/gitrepo/gf180mcu_ocd_io-sdas/runs/run_2026-01-20_14-12-12/parameters/time_response/run_0/io_inv_1_time.sch

Doing analysis at TEMP = 27.000000 and TNOM = 27.000000

Using SPARSE 1.3 as Direct Linear Solver
 Reference value :  0.00000e+00
No. of Data Rows : 1
 meas tran tr1090 trig v(vout) val=0.1*1.8 rise=1 targ v(vout) val=0.9*1.8 rise=1 failed!

 meas tran tf9010 trig v(vout) val=0.9*1.8 fall=1 targ v(vout) val=0.1*1.8 fall=1 failed!

 meas tran tdrise trig v(vin) val=0.5*1.8 rise=1 targ v(vout) val=0.5*1.8 rise=1 failed!

 meas tran tdfall trig v(vin) val=0.5*1.8 fall=1 targ v(vout) val=0.5*1.8 fall=1 failed!

Doing analysis at TEMP = 27.000000 and TNOM = 27.000000

Using SPARSE 1.3 as Direct Linear Solver

Initial Transient Solution
--------------------------

Node                                   Voltage
----                                   -------
vout                                       1.8
vin                                          0
vss                                          0
vdd                                        1.8
v3#branch                                    0
v2#branch                         -1.94176e-12
v1#branch                          1.94222e-12

 Reference value :  4.00000e-12
 Reference value :  1.85000e-09
 Reference value :  4.00100e-08
No. of Data Rows : 535
Note: Simulation executed from .control section 
