
Note: No compatibility mode selected!


Circuit: ** sch_path: /home/subhransu/gitrepo/gf180mcu_ocd_io-sdas/runs/run_2026-01-20_14-09-41/parameters/time_response/run_0/io_inv_1_time.sch

Doing analysis at TEMP = 27.000000 and TNOM = 27.000000

Using SPARSE 1.3 as Direct Linear Solver

Initial Transient Solution
--------------------------

Node                                   Voltage
----                                   -------
vout                                       1.8
vin                                          0
vss                                          0
vdd                                        1.8
v3#branch                                    0
v2#branch                         -1.94176e-12
v1#branch                          1.94222e-12

 Reference value :  0.00000e+00
 Reference value :  8.00000e-12
No. of Data Rows : 535

  Measurements for Transient Analysis

tr1090              =  2.458443e-10 targ=  1.182334e-08 trig=  1.157750e-08
tf9010              =  2.257599e-10 targ=  7.092479e-10 trig=  4.834881e-10
tdrise              =  1.120443e-08 targ=  1.170443e-08 trig=  5.000000e-10
tdfall              =  -1.089638e-08 targ=  6.036177e-10 trig=  1.150000e-08

Doing analysis at TEMP = 27.000000 and TNOM = 27.000000

Using SPARSE 1.3 as Direct Linear Solver

  Measurements for Transient Analysis

tr1090              =  2.458443e-10 targ=  1.182334e-08 trig=  1.157750e-08
tf9010              =  2.257599e-10 targ=  7.092479e-10 trig=  4.834881e-10
tdrise              =  1.120443e-08 targ=  1.170443e-08 trig=  5.000000e-10
tdfall              =  -1.089638e-08 targ=  6.036177e-10 trig=  1.150000e-08


Total analysis time (seconds) = 0.140112

Total elapsed time (seconds) = 0.222 

Total DRAM available = 1623.242 MB.
DRAM currently available =  231.957 MB.
Maximum ngspice program size =  533.254 MB.
Current ngspice program size =   18.875 MB.

Shared ngspice pages =   11.500 MB.
Text (code) pages =    6.090 MB.
Stack = 0 bytes.
Library pages =   64.684 MB.

