
Note: No compatibility mode selected!


Circuit: ** sch_path: /home/subhransu/gitrepo/gf180mcu_ocd_io-sdas/runs/run_2026-01-20_18-31-30/parameters/time_response/run_0/io_inv_1_time.sch

Doing analysis at TEMP = 27.000000 and TNOM = 27.000000

Using SPARSE 1.3 as Direct Linear Solver

No. of Data Rows : 1
Doing analysis at TEMP = 27.000000 and TNOM = 27.000000

Using SPARSE 1.3 as Direct Linear Solver

Initial Transient Solution
--------------------------

Node                                   Voltage
----                                   -------
vout                                       1.8
vin                                          0
vss                                          0
vdd                                        1.8
v3#branch                                    0
v2#branch                         -1.94176e-12
v1#branch                          1.94222e-12


No. of Data Rows : 535
Note: Simulation executed from .control section 
